---
source: bloodhound/src/deserializer.rs
expression: to_json(& event)
---
{
  "args": {
    "signal": 0,
    "target_pid": 5174,
    "target_ref": {
      "start_boottime_ns": 976353486964,
      "tgid": 5174
    }
  },
  "event": {
    "layer": "behavior",
    "name": "task_kill",
    "type": "LSM"
  },
  "header": {
    "auid": 1000,
    "comm": "python3",
    "pid": 5173,
    "process_ref": {
      "start_boottime_ns": 976329803440,
      "tgid": 5173
    },
    "sessionid": 341,
    "timestamp": 976354112745
  },
  "return_code": 0
}
