---
source: bloodhound/src/deserializer.rs
assertion_line: 1704
expression: to_json(&event)
---
{
  "args": {
    "dev": 64768,
    "filename": "/etc/passwd",
    "flags": [
      "O_RDWR",
      "O_CREAT"
    ],
    "ino": 100200,
    "mode": 420
  },
  "event": {
    "layer": "behavior",
    "name": "openat",
    "type": "TRACEPOINT"
  },
  "header": {
    "auid": 1000,
    "comm": "bash",
    "pid": 5678,
    "ppid": 1234,
    "sessionid": 42,
    "timestamp": 1709000000000
  },
  "return_code": 3
}
