---
source: bloodhound/src/deserializer.rs
expression: to_json(& event)
---
{
  "args": {
    "newpath": "",
    "oldpath": "!"
  },
  "event": {
    "layer": "behavior",
    "name": "rename",
    "type": "TRACEPOINT"
  },
  "header": {
    "auid": 1000,
    "comm": "python3",
    "pid": 3815,
    "process_ref": {
      "start_boottime_ns": 844836354310,
      "tgid": 3815
    },
    "sessionid": 248,
    "timestamp": 844868756684
  },
  "return_code": 0
}
