---
source: bloodhound/src/deserializer.rs
expression: to_json(& event)
---
{
  "args": {
    "flags": [
      "0x1200011"
    ]
  },
  "event": {
    "layer": "behavior",
    "name": "clone",
    "type": "TRACEPOINT"
  },
  "header": {
    "auid": 1000,
    "comm": "python3",
    "pid": 3464,
    "process_ref": {
      "start_boottime_ns": 819646649297,
      "tgid": 3464
    },
    "sessionid": 223,
    "timestamp": 819687648322
  },
  "return_code": 3465
}
