---
source: bloodhound/src/deserializer.rs
expression: to_json(& event)
---
{
  "args": {
    "cmd": 0
  },
  "event": {
    "layer": "behavior",
    "name": "bpf",
    "type": "LSM"
  },
  "header": {
    "auid": 1000,
    "comm": "bpftool",
    "pid": 4240,
    "process_ref": {
      "start_boottime_ns": 886502150098,
      "tgid": 4240
    },
    "sessionid": 277,
    "timestamp": 886510270319
  },
  "return_code": -1
}
