---
source: bloodhound/src/deserializer.rs
expression: to_json(& event)
---
{
  "args": {
    "addr": "1.0.0.127",
    "family": 2,
    "fd": 3,
    "port": 19090,
    "size": 6
  },
  "event": {
    "layer": "behavior",
    "name": "sendto",
    "type": "TRACEPOINT"
  },
  "header": {
    "auid": 1000,
    "comm": "python3",
    "pid": 4021,
    "process_ref": {
      "start_boottime_ns": 865313252825,
      "tgid": 4021
    },
    "sessionid": 262,
    "timestamp": 865343225812
  },
  "return_code": 6
}
