---
source: bloodhound/src/deserializer.rs
expression: to_json(& event)
---
{
  "args": {
    "filename": "/tmp/bh-golden-openat",
    "flags": [
      "O_WRONLY",
      "O_CREAT",
      "O_TRUNC",
      "O_CLOEXEC"
    ],
    "mode": 438
  },
  "event": {
    "layer": "behavior",
    "name": "openat",
    "type": "TRACEPOINT"
  },
  "header": {
    "auid": 1000,
    "comm": "python3",
    "pid": 2740,
    "process_ref": {
      "start_boottime_ns": 760775710992,
      "tgid": 2740
    },
    "sessionid": 171,
    "timestamp": 760793230096
  },
  "return_code": 3
}
