---
source: bloodhound/src/deserializer.rs
expression: to_json(& event)
---
{
  "args": {
    "addr": "0000:0000:0000:0000:0000:0000:0000:0001",
    "family": 10,
    "port": 18444
  },
  "event": {
    "layer": "behavior",
    "name": "connect",
    "type": "TRACEPOINT"
  },
  "header": {
    "auid": 1000,
    "comm": "python3",
    "pid": 3283,
    "process_ref": {
      "start_boottime_ns": 805740753150,
      "tgid": 3283
    },
    "sessionid": 210,
    "timestamp": 805767681779
  },
  "return_code": -115
}
