---
source: bloodhound/src/deserializer.rs
expression: to_json(& event)
---
{
  "args": {
    "raw_args": [
      127411097865568,
      0,
      10882592,
      127411098296816,
      0,
      0
    ],
    "syscall_nr": 39
  },
  "event": {
    "layer": "behavior",
    "name": "39",
    "type": "SYSCALL"
  },
  "header": {
    "auid": 1000,
    "comm": "python3",
    "pid": 2559,
    "process_ref": {
      "start_boottime_ns": 745970181641,
      "tgid": 2559
    },
    "sessionid": 158,
    "timestamp": 745997712632
  },
  "return_code": 2559
}
