---
source: bloodhound/src/deserializer.rs
expression: to_json(& event)
---
{
  "args": {
    "addr": "1.0.0.127",
    "family": 2,
    "port": 18443
  },
  "event": {
    "layer": "behavior",
    "name": "connect",
    "type": "TRACEPOINT"
  },
  "header": {
    "auid": 1000,
    "comm": "python3",
    "pid": 3102,
    "process_ref": {
      "start_boottime_ns": 790820379811,
      "tgid": 3102
    },
    "sessionid": 197,
    "timestamp": 790856785318
  },
  "return_code": -115
}
